../Core/Src/LoRa.c:19:6:newLoRa	72	static
../Core/Src/LoRa.c:42:6:LoRa_reset	16	static
../Core/Src/LoRa.c:60:6:LoRa_gotoMode	24	static
../Core/Src/LoRa.c:104:6:LoRa_readReg	24	static
../Core/Src/LoRa.c:130:6:LoRa_writeReg	24	static
../Core/Src/LoRa.c:152:6:LoRa_setLowDaraRateOptimization	24	static
../Core/Src/LoRa.c:177:6:LoRa_setAutoLDO	96	static
../Core/Src/LoRa.c:194:6:LoRa_setFrequency	24	static
../Core/Src/LoRa.c:226:6:LoRa_setSpreadingFactor	24	static
../Core/Src/LoRa.c:256:6:LoRa_setPower	16	static
../Core/Src/LoRa.c:272:6:LoRa_setOCP	24	static
../Core/Src/LoRa.c:300:6:LoRa_setTOMsb_setCRCon	24	static
../Core/Src/LoRa.c:320:6:LoRa_setSyncWord	16	static
../Core/Src/LoRa.c:336:9:LoRa_read	32	static
../Core/Src/LoRa.c:359:6:LoRa_write	32	static
../Core/Src/LoRa.c:381:6:LoRa_BurstWrite	32	static
../Core/Src/LoRa.c:409:9:LoRa_isvalid	16	static
../Core/Src/LoRa.c:426:9:LoRa_transmit	32	static
../Core/Src/LoRa.c:463:6:LoRa_startReceiving	16	static
../Core/Src/LoRa.c:479:9:LoRa_receive	48	static
../Core/Src/LoRa.c:512:5:LoRa_getRSSI	24	static
../Core/Src/LoRa.c:528:10:LoRa_init	24	static
